// Jest Snapshot v1, https://goo.gl/fbAQLP

exports[`Checkout Section should be able to render without crashing 1`] = `
<img
  alt="empty image"
  className="object-cover w-64 h-64 rounded"
/>
`;

exports[`Picture Section should be able to render without crashing 1`] = `
<img
  alt="empty image"
  className="object-cover w-64 h-64 rounded"
/>
`;
